[Mon Dec 05 14:01:48 2005] [notice] workerEnv.init() ok /etc/httpd/conf/workers2.properties
[Mon Dec 05 14:01:48 2005] [error] mod_jk child workerEnv in error state 7
[Mon Dec 05 14:01:48 2005] [notice] workerEnv.init() ok /etc/httpd/conf/workers2.properties
[Mon Dec 05 14:01:48 2005] [error] mod_jk child workerEnv in error state 9
[Mon Dec 05 14:01:48 2005] [notice] workerEnv.init() ok /etc/httpd/conf/workers2.properties
[Mon Dec 05 14:01:48 2005] [error] mod_jk child workerEnv in error state 8
[Mon Dec 05 14:11:40 2005] [notice] jk2_init() Found child 6115 in scoreboard slot 10
[Mon Dec 05 14:11:43 2005] [error] [client 141.154.18.244] Directory index forbidden by rule: /var/www/html/
[Mon Dec 05 14:11:45 2005] [notice] workerEnv.init() ok /etc/httpd/conf/workers2.properties
[Mon Dec 05 14:11:45 2005] [error] mod_jk child workerEnv in error state 7
[Mon Dec 05 15:31:06 2005] [notice] jk2_init() Found child 6259 in scoreboard slot 6
[Mon Dec 05 15:31:06 2005] [notice] jk2_init() Found child 6260 in scoreboard slot 7
[Mon Dec 05 15:31:09 2005] [notice] jk2_init() Found child 6261 in scoreboard slot 8
[Mon Dec 05 15:31:10 2005] [notice] workerEnv.init() ok /etc/httpd/conf/workers2.properties
[Mon Dec 05 15:31:10 2005] [error] mod_jk child workerEnv in error state 6
[Mon Dec 05 15:31:10 2005] [notice] workerEnv.init() ok /etc/httpd/conf/workers2.properties
[Mon Dec 05 15:31:10 2005] [error] mod_jk child workerEnv in error state 6
[Mon Dec 05 15:31:10 2005] [notice] workerEnv.init() ok /etc/httpd/conf/workers2.properties
[Mon Dec 05 15:31:10 2005] [error] mod_jk child workerEnv in error state 6
[Mon Dec 05 15:40:59 2005] [notice] jk2_init() Found child 6277 in scoreboard slot 7
[Mon Dec 05 15:40:59 2005] [notice] jk2_init() Found child 6276 in scoreboard slot 6
[Mon Dec 05 15:41:32 2005] [notice] jk2_init() Found child 6280 in scoreboard slot 7
[Mon Dec 05 15:41:32 2005] [notice] jk2_init() Found child 6278 in scoreboard slot 8
[Mon Dec 05 15:41:32 2005] [notice] jk2_init() Found child 6279 in scoreboard slot 6
[Mon Dec 05 15:41:32 2005] [notice] workerEnv.init() ok /etc/httpd/conf/workers2.properties
[Mon Dec 05 15:41:32 2005] [error] mod_jk child workerEnv in error state 7
[Mon Dec 05 15:41:32 2005] [notice] workerEnv.init() ok /etc/httpd/conf/workers2.properties
[Mon Dec 05 15:41:32 2005] [error] mod_jk child workerEnv in error state 6
[Mon Dec 05 15:41:32 2005] [notice] workerEnv.init() ok /etc/httpd/conf/workers2.properties
[Mon Dec 05 15:41:32 2005] [error] mod_jk child workerEnv in error state 7
[Mon Dec 05 15:45:42 2005] [notice] jk2_init() Found child 6285 in scoreboard slot 8
[Mon Dec 05 15:45:44 2005] [notice] workerEnv.init() ok /etc/httpd/conf/workers2.properties
[Mon Dec 05 15:45:44 2005] [error] mod_jk child workerEnv in error state 6
[Mon Dec 05 15:50:53 2005] [notice] jk2_init() Found child 6293 in scoreboard slot 6
[Mon Dec 05 15:50:53 2005] [notice] jk2_init() Found child 6294 in scoreboard slot 7
[Mon Dec 05 15:51:18 2005] [notice] jk2_init() Found child 6297 in scoreboard slot 7
[Mon Dec 05 15:51:18 2005] [notice] jk2_init() Found child 6295 in scoreboard slot 8
[Mon Dec 05 15:51:18 2005] [notice] jk2_init() Found child 6296 in scoreboard slot 6
[Mon Dec 05 15:51:20 2005] [notice] workerEnv.init() ok /etc/httpd/conf/workers2.properties
[Mon Dec 05 15:51:20 2005] [error] mod_jk child workerEnv in error state 7
[Mon Dec 05 15:51:20 2005] [notice] workerEnv.init() ok /etc/httpd/conf/workers2.properties
[Mon Dec 05 15:51:20 2005] [error] mod_jk child workerEnv in error state 7
[Mon Dec 05 15:51:20 2005] [notice] workerEnv.init() ok /etc/httpd/conf/workers2.properties
[Mon Dec 05 15:51:20 2005] [error] mod_jk child workerEnv in error state 6
[Mon Dec 05 15:55:31 2005] [notice] jk2_init() Found child 6302 in scoreboard slot 8
[Mon Dec 05 15:55:32 2005] [notice] workerEnv.init() ok /etc/httpd/conf/workers2.properties
[Mon Dec 05 15:55:32 2005] [error] mod_jk child workerEnv in error state 6
[Mon Dec 05 16:01:17 2005] [notice] jk2_init() Found child 6310 in scoreboard slot 6
[Mon Dec 05 16:02:00 2005] [notice] jk2_init() Found child 6315 in scoreboard slot 6
[Mon Dec 05 16:02:00 2005] [notice] jk2_init() Found child 6316 in scoreboard slot 7